
SUCCESS: PARSED LIBRARY SUCCESSFULLY!


1: Declaration of class: Library
  2: Declaration of library method: println
    2: Primitive data type: void
    2: Parameter: s
     2: Primitive data type: string
  3: Declaration of library method: print
    3: Primitive data type: void
    3: Parameter: s
     3: Primitive data type: string
  4: Declaration of library method: printi
    4: Primitive data type: void
    4: Parameter: i
     4: Primitive data type: int
  5: Declaration of library method: printb
    5: Primitive data type: void
    5: Parameter: b
     5: Primitive data type: boolean
  7: Declaration of library method: readi
    7: Primitive data type: int
  8: Declaration of library method: readln
    8: Primitive data type: string
  9: Declaration of library method: eof
    9: Primitive data type: boolean
  11: Declaration of library method: stoi
    11: Primitive data type: int
    11: Parameter: s
     11: Primitive data type: string
    11: Parameter: n
     11: Primitive data type: int
  13: Declaration of library method: itos
    13: Primitive data type: string
    13: Parameter: i
     13: Primitive data type: int
  14: Declaration of library method: stoa
    14: Primitive data type: 1-dimensional array of int
    14: Parameter: s
     14: Primitive data type: string
  15: Declaration of library method: atos
    15: Primitive data type: string
    15: Parameter: a
     15: Primitive data type: 1-dimensional array of int
  17: Declaration of library method: random
    17: Primitive data type: int
    17: Parameter: n
     17: Primitive data type: int
  18: Declaration of library method: time
    18: Primitive data type: int
  19: Declaration of library method: exit
    19: Primitive data type: int
    19: Parameter: i
     19: Primitive data type: int

SUCCESS: PARSED PROGRAM SUCCESSFULLY!


Abstract Syntax Tree: C:\Users\gkodinet\workspace\compilation\branches\Exercises\IC_COMPILER\PA2\test\all_expr.ic

2: Declaration of class: Gelfand
  4: Declaration of field: k
   4: Primitive data type: int
  6: Declaration of virtual method: foo4
    6: Primitive data type: void
    6: Return statement
  8: Declaration of static method: foo3
    8: Primitive data type: void
    8: Parameter: a
     8: Primitive data type: int
    8: Return statement
  10: Declaration of virtual method: foo
    10: Primitive data type: int
    10: Parameter: a
     10: Primitive data type: int
    12: Declaration of local variable: a, with initial value
      12: Primitive data type: 1-dimensional array of int
      12: Array allocation
        12: Primitive data type: int
        12: Integer literal: 5
    14: Assignment statement
      14: Reference to array
        14: Reference to variable: a
        14: Integer literal: 4
      14: Integer literal: 8
    16: Assignment statement
      16: Reference to array
        16: Reference to variable: a
        16: Integer literal: 1
      16: Reference to array length
       16: Reference to variable: a
    18: Declaration of local variable: b, with initial value
      18: Primitive data type: boolean
      18: Logical unary operation: logical negation
       18: Boolean literal: true
    19: Declaration of local variable: c, with initial value
      19: Primitive data type: boolean
      19: Boolean literal: false
    21: Declaration of local variable: d, with initial value
      21: Primitive data type: boolean
      21: Logical binary operation: logical and
        21: Reference to variable: b
        21: Reference to variable: c
    22: Assignment statement
      22: Reference to variable: d
      22: Logical binary operation: logical or
        22: Reference to variable: b
        22: Reference to variable: c
    24: Declaration of local variable: arr
     24: Primitive data type: 4-dimensional array of int
    26: Declaration of local variable: cl
     26: User-defined data type: Gelfand
    28: Method call statement
     28: Call to static method: foo3, in class Gelfand
       28: Integer literal: 8
    30: Method call statement
     30: Call to static method: foo4, in class Gelfand
    32: Method call statement
     32: Call to virtual method: foo
       32: Integer literal: 4
    34: Return statement, with return value
     34: Integer literal: 5
  38: Declaration of virtual method: foo2
    38: Primitive data type: int
    38: Parameter: a
     38: Primitive data type: int
    40: Assignment statement
      40: Reference to variable: k, in external scope
       40: Reference to 'this' instance
      40: Call to virtual method: foo
        40: Integer literal: 6
    42: Assignment statement
      42: Reference to variable: k, in external scope
       42: Reference to 'this' instance
      42: Integer literal: 9
    44: Declaration of local variable: b, with initial value
      44: User-defined data type: A
      44: Instantiation of class: A
    46: Method call statement
     46: Call to virtual method: ttt, in external scope
       46: Reference to variable: b
    48: Method call statement
     48: Call to virtual method: sss, in external scope
       48: Reference to variable: b
       48: Integer literal: 6
    50: Return statement, with return value
     50: Integer literal: 5
