
SUCCESS: PARSED LIBRARY SUCCESSFULLY!


1: Declaration of class: Library
  2: Declaration of library method: println
    2: Primitive data type: void
    2: Parameter: s
     2: Primitive data type: string
  3: Declaration of library method: print
    3: Primitive data type: void
    3: Parameter: s
     3: Primitive data type: string
  4: Declaration of library method: printi
    4: Primitive data type: void
    4: Parameter: i
     4: Primitive data type: int
  5: Declaration of library method: printb
    5: Primitive data type: void
    5: Parameter: b
     5: Primitive data type: boolean
  7: Declaration of library method: readi
    7: Primitive data type: int
  8: Declaration of library method: readln
    8: Primitive data type: string
  9: Declaration of library method: eof
    9: Primitive data type: boolean
  11: Declaration of library method: stoi
    11: Primitive data type: int
    11: Parameter: s
     11: Primitive data type: string
    11: Parameter: n
     11: Primitive data type: int
  13: Declaration of library method: itos
    13: Primitive data type: string
    13: Parameter: i
     13: Primitive data type: int
  14: Declaration of library method: stoa
    14: Primitive data type: 1-dimensional array of int
    14: Parameter: s
     14: Primitive data type: string
  15: Declaration of library method: atos
    15: Primitive data type: string
    15: Parameter: a
     15: Primitive data type: 1-dimensional array of int
  17: Declaration of library method: random
    17: Primitive data type: int
    17: Parameter: n
     17: Primitive data type: int
  18: Declaration of library method: time
    18: Primitive data type: int
  19: Declaration of library method: exit
    19: Primitive data type: int
    19: Parameter: i
     19: Primitive data type: int

SUCCESS: PARSED PROGRAM SUCCESSFULLY!


Abstract Syntax Tree: C:\Users\gkodinet\workspace\compilation\branches\Exercises\IC_COMPILER\PA2\test\all_meth.ic

3: Declaration of class: Gelfand, subclass of Ivanchuk
  5: Declaration of virtual method: foo
    5: Primitive data type: string
    5: Parameter: a
     5: Primitive data type: int
    5: Parameter: t
     5: Primitive data type: string
    5: Return statement, with return value
     5: String literal: "\"aaa\""
  6: Declaration of virtual method: foo2
    6: Primitive data type: void
    6: Parameter: a
     6: Primitive data type: int
    6: Return statement
  7: Declaration of virtual method: foo3
    7: Primitive data type: void
    7: Return statement
  8: Declaration of virtual method: foo4
    8: Primitive data type: int
    8: Return statement, with return value
     8: Integer literal: 7
  10: Declaration of static method: foo5
    10: Primitive data type: string
    10: Parameter: a
     10: Primitive data type: int
    10: Return statement, with return value
     10: String literal: "\"aaa\""
  11: Declaration of static method: foo6
    11: Primitive data type: void
    11: Parameter: a
     11: Primitive data type: int
    11: Return statement
  12: Declaration of static method: foo7
    12: Primitive data type: void
    12: Parameter: a
     12: Primitive data type: 2-dimensional array of int
    12: Return statement
  13: Declaration of static method: foo8
    13: Primitive data type: int
    13: Return statement, with return value
     13: Integer literal: 7
